<html>
<body>
<pre>
<h1>µVision Build Log</h1>
<h2>Tool Versions:</h2>
IDE-Version: µVision V5.31.0.0
Copyright (C) 2020 ARM Ltd and ARM Germany GmbH. All rights reserved.
License Information: dinh Quoc Anh, admin, LIC=GMZI6-DMSPN-RA6DM-XFB4M-CZLPG-XBW72
 
Tool Versions:
Toolchain:       MDK-ARM Plus  Version: 5.31.0.0
Toolchain Path:  C:\Keil_v5\ARM\ARMCLANG\Bin
C Compiler:      ArmClang.exe V6.14
Assembler:       Armasm.exe V6.14
Linker/Locator:  ArmLink.exe V6.14
Library Manager: ArmAr.exe V6.14
Hex Converter:   FromElf.exe V6.14
CPU DLL:         SARMCM3.DLL V5.31.0.0
Dialog DLL:      DCM.DLL V1.17.3.0
Target DLL:      UL2CM3.DLL V1.163.4.0
Dialog DLL:      TCM.DLL V1.46.0.0
 
<h2>Project:</h2>
E:\study\HK2\mang cam bien\i2c\i2c.uvprojx
Project File Date:  03/22/2025

<h2>Output:</h2>
*** Using Compiler 'V6.14', folder: 'C:\Keil_v5\ARM\ARMCLANG\Bin'
Build target 'Target 1'
C:/Users/dinhq/AppData/Local/Arm/Packs/Keil/STM32F1xx_DFP/2.4.1/RTE_Driver/DMA_STM32F10x.c(37): warning: In file included from...
C:/Users/dinhq/AppData/Local/Arm/Packs/Keil/STM32F1xx_DFP/2.4.1/RTE_Driver/DMA_STM32F10x.h(146): warning: implicit conversion changes signedness: 'int' to 'unsigned int' [-Wsign-conversion]
  DMA_Channel->CCR &= ~DMA_CHANNEL_EN;
                   ~~ ^~~~~~~~~~~~~~~
C:/Users/dinhq/AppData/Local/Arm/Packs/Keil/STM32F1xx_DFP/2.4.1/RTE_Driver/DMA_STM32F10x.c(233): warning: implicit conversion changes signedness: 'int' to 'unsigned int' [-Wsign-conversion]
        RCC->AHBENR &= ~RCC_AHBENR_DMA1EN;
                    ~~ ^~~~~~~~~~~~~~~~~~
C:/Users/dinhq/AppData/Local/Arm/Packs/Keil/STM32F1xx_DFP/2.4.1/RTE_Driver/DMA_STM32F10x.c(301): warning: empty expression statement has no effect; remove unnecessary ';' to silence this warning [-Wextra-semi-stmt]
__WEAK void DMA1_Channel1_Event (uint32_t event) {;}
                                                  ^
C:/Users/dinhq/AppData/Local/Arm/Packs/Keil/STM32F1xx_DFP/2.4.1/RTE_Driver/DMA_STM32F10x.c(301): warning: unused parameter 'event' [-Wunused-parameter]
__WEAK void DMA1_Channel1_Event (uint32_t event) {;}
                                          ^
C:/Users/dinhq/AppData/Local/Arm/Packs/Keil/STM32F1xx_DFP/2.4.1/RTE_Driver/DMA_STM32F10x.c(301): warning: no previous prototype for function 'DMA1_Channel1_Event' [-Wmissing-prototypes]
__WEAK void DMA1_Channel1_Event (uint32_t event) {;}
            ^
C:/Users/dinhq/AppData/Local/Arm/Packs/Keil/STM32F1xx_DFP/2.4.1/RTE_Driver/DMA_STM32F10x.c(301): note: declare 'static' if the function is not intended to be used outside of this translation unit
__WEAK void DMA1_Channel1_Event (uint32_t event) {;}
       ^
       static 
C:/Users/dinhq/AppData/Local/Arm/Packs/Keil/STM32F1xx_DFP/2.4.1/RTE_Driver/DMA_STM32F10x.c(302): warning: empty expression statement has no effect; remove unnecessary ';' to silence this warning [-Wextra-semi-stmt]
__WEAK void DMA1_Channel2_Event (uint32_t event) {;}
                                                  ^
C:/Users/dinhq/AppData/Local/Arm/Packs/Keil/STM32F1xx_DFP/2.4.1/RTE_Driver/DMA_STM32F10x.c(302): warning: unused parameter 'event' [-Wunused-parameter]
__WEAK void DMA1_Channel2_Event (uint32_t event) {;}
                                          ^
C:/Users/dinhq/AppData/Local/Arm/Packs/Keil/STM32F1xx_DFP/2.4.1/RTE_Driver/DMA_STM32F10x.c(302): warning: no previous prototype for function 'DMA1_Channel2_Event' [-Wmissing-prototypes]
__WEAK void DMA1_Channel2_Event (uint32_t event) {;}
            ^
C:/Users/dinhq/AppData/Local/Arm/Packs/Keil/STM32F1xx_DFP/2.4.1/RTE_Driver/DMA_STM32F10x.c(302): note: declare 'static' if the function is not intended to be used outside of this translation unit
__WEAK void DMA1_Channel2_Event (uint32_t event) {;}
       ^
       static 
C:/Users/dinhq/AppData/Local/Arm/Packs/Keil/STM32F1xx_DFP/2.4.1/RTE_Driver/DMA_STM32F10x.c(303): warning: empty expression statement has no effect; remove unnecessary ';' to silence this warning [-Wextra-semi-stmt]
__WEAK void DMA1_Channel3_Event (uint32_t event) {;}
                                                  ^
C:/Users/dinhq/AppData/Local/Arm/Packs/Keil/STM32F1xx_DFP/2.4.1/RTE_Driver/DMA_STM32F10x.c(303): warning: unused parameter 'event' [-Wunused-parameter]
__WEAK void DMA1_Channel3_Event (uint32_t event) {;}
                                          ^
C:/Users/dinhq/AppData/Local/Arm/Packs/Keil/STM32F1xx_DFP/2.4.1/RTE_Driver/DMA_STM32F10x.c(303): warning: no previous prototype for function 'DMA1_Channel3_Event' [-Wmissing-prototypes]
__WEAK void DMA1_Channel3_Event (uint32_t event) {;}
            ^
C:/Users/dinhq/AppData/Local/Arm/Packs/Keil/STM32F1xx_DFP/2.4.1/RTE_Driver/DMA_STM32F10x.c(303): note: declare 'static' if the function is not intended to be used outside of this translation unit
__WEAK void DMA1_Channel3_Event (uint32_t event) {;}
       ^
       static 
C:/Users/dinhq/AppData/Local/Arm/Packs/Keil/STM32F1xx_DFP/2.4.1/RTE_Driver/DMA_STM32F10x.c(304): warning: empty expression statement has no effect; remove unnecessary ';' to silence this warning [-Wextra-semi-stmt]
__WEAK void DMA1_Channel4_Event (uint32_t event) {;}
                                                  ^
C:/Users/dinhq/AppData/Local/Arm/Packs/Keil/STM32F1xx_DFP/2.4.1/RTE_Driver/DMA_STM32F10x.c(304): warning: unused parameter 'event' [-Wunused-parameter]
__WEAK void DMA1_Channel4_Event (uint32_t event) {;}
                                          ^
C:/Users/dinhq/AppData/Local/Arm/Packs/Keil/STM32F1xx_DFP/2.4.1/RTE_Driver/DMA_STM32F10x.c(304): warning: no previous prototype for function 'DMA1_Channel4_Event' [-Wmissing-prototypes]
__WEAK void DMA1_Channel4_Event (uint32_t event) {;}
            ^
C:/Users/dinhq/AppData/Local/Arm/Packs/Keil/STM32F1xx_DFP/2.4.1/RTE_Driver/DMA_STM32F10x.c(304): note: declare 'static' if the function is not intended to be used outside of this translation unit
__WEAK void DMA1_Channel4_Event (uint32_t event) {;}
       ^
       static 
C:/Users/dinhq/AppData/Local/Arm/Packs/Keil/STM32F1xx_DFP/2.4.1/RTE_Driver/DMA_STM32F10x.c(305): warning: empty expression statement has no effect; remove unnecessary ';' to silence this warning [-Wextra-semi-stmt]
__WEAK void DMA1_Channel5_Event (uint32_t event) {;}
                                                  ^
C:/Users/dinhq/AppData/Local/Arm/Packs/Keil/STM32F1xx_DFP/2.4.1/RTE_Driver/DMA_STM32F10x.c(305): warning: unused parameter 'event' [-Wunused-parameter]
__WEAK void DMA1_Channel5_Event (uint32_t event) {;}
                                          ^
C:/Users/dinhq/AppData/Local/Arm/Packs/Keil/STM32F1xx_DFP/2.4.1/RTE_Driver/DMA_STM32F10x.c(305): warning: no previous prototype for function 'DMA1_Channel5_Event' [-Wmissing-prototypes]
__WEAK void DMA1_Channel5_Event (uint32_t event) {;}
            ^
C:/Users/dinhq/AppData/Local/Arm/Packs/Keil/STM32F1xx_DFP/2.4.1/RTE_Driver/DMA_STM32F10x.c(305): note: declare 'static' if the function is not intended to be used outside of this translation unit
__WEAK void DMA1_Channel5_Event (uint32_t event) {;}
       ^
       static 
C:/Users/dinhq/AppData/Local/Arm/Packs/Keil/STM32F1xx_DFP/2.4.1/RTE_Driver/DMA_STM32F10x.c(306): warning: empty expression statement has no effect; remove unnecessary ';' to silence this warning [-Wextra-semi-stmt]
__WEAK void DMA1_Channel6_Event (uint32_t event) {;}
                                                  ^
C:/Users/dinhq/AppData/Local/Arm/Packs/Keil/STM32F1xx_DFP/2.4.1/RTE_Driver/DMA_STM32F10x.c(306): warning: unused parameter 'event' [-Wunused-parameter]
__WEAK void DMA1_Channel6_Event (uint32_t event) {;}
                                          ^
C:/Users/dinhq/AppData/Local/Arm/Packs/Keil/STM32F1xx_DFP/2.4.1/RTE_Driver/DMA_STM32F10x.c(306): warning: no previous prototype for function 'DMA1_Channel6_Event' [-Wmissing-prototypes]
__WEAK void DMA1_Channel6_Event (uint32_t event) {;}
            ^
C:/Users/dinhq/AppData/Local/Arm/Packs/Keil/STM32F1xx_DFP/2.4.1/RTE_Driver/DMA_STM32F10x.c(306): note: declare 'static' if the function is not intended to be used outside of this translation unit
__WEAK void DMA1_Channel6_Event (uint32_t event) {;}
       ^
       static 
C:/Users/dinhq/AppData/Local/Arm/Packs/Keil/STM32F1xx_DFP/2.4.1/RTE_Driver/DMA_STM32F10x.c(307): warning: empty expression statement has no effect; remove unnecessary ';' to silence this warning [-Wextra-semi-stmt]
__WEAK void DMA1_Channel7_Event (uint32_t event) {;}
                                                  ^
C:/Users/dinhq/AppData/Local/Arm/Packs/Keil/STM32F1xx_DFP/2.4.1/RTE_Driver/DMA_STM32F10x.c(307): warning: unused parameter 'event' [-Wunused-parameter]
__WEAK void DMA1_Channel7_Event (uint32_t event) {;}
                                          ^
C:/Users/dinhq/AppData/Local/Arm/Packs/Keil/STM32F1xx_DFP/2.4.1/RTE_Driver/DMA_STM32F10x.c(307): warning: no previous prototype for function 'DMA1_Channel7_Event' [-Wmissing-prototypes]
__WEAK void DMA1_Channel7_Event (uint32_t event) {;}
            ^
C:/Users/dinhq/AppData/Local/Arm/Packs/Keil/STM32F1xx_DFP/2.4.1/RTE_Driver/DMA_STM32F10x.c(307): note: declare 'static' if the function is not intended to be used outside of this translation unit
__WEAK void DMA1_Channel7_Event (uint32_t event) {;}
       ^
       static 
C:/Users/dinhq/AppData/Local/Arm/Packs/Keil/STM32F1xx_DFP/2.4.1/RTE_Driver/DMA_STM32F10x.c(323): warning: no previous prototype for function 'DMA1_Channel1_IRQHandler' [-Wmissing-prototypes]
void DMA1_Channel1_IRQHandler (void) {
     ^
C:/Users/dinhq/AppData/Local/Arm/Packs/Keil/STM32F1xx_DFP/2.4.1/RTE_Driver/DMA_STM32F10x.c(323): note: declare 'static' if the function is not intended to be used outside of this translation unit
void DMA1_Channel1_IRQHandler (void) {
^
static 
C:/Users/dinhq/AppData/Local/Arm/Packs/Keil/STM32F1xx_DFP/2.4.1/RTE_Driver/DMA_STM32F10x.c(335): warning: no previous prototype for function 'DMA1_Channel2_IRQHandler' [-Wmissing-prototypes]
void DMA1_Channel2_IRQHandler (void) {
     ^
C:/Users/dinhq/AppData/Local/Arm/Packs/Keil/STM32F1xx_DFP/2.4.1/RTE_Driver/DMA_STM32F10x.c(335): note: declare 'static' if the function is not intended to be used outside of this translation unit
void DMA1_Channel2_IRQHandler (void) {
^
static 
C:/Users/dinhq/AppData/Local/Arm/Packs/Keil/STM32F1xx_DFP/2.4.1/RTE_Driver/DMA_STM32F10x.c(347): warning: no previous prototype for function 'DMA1_Channel3_IRQHandler' [-Wmissing-prototypes]
void DMA1_Channel3_IRQHandler (void) {
     ^
C:/Users/dinhq/AppData/Local/Arm/Packs/Keil/STM32F1xx_DFP/2.4.1/RTE_Driver/DMA_STM32F10x.c(347): note: declare 'static' if the function is not intended to be used outside of this translation unit
void DMA1_Channel3_IRQHandler (void) {
^
static 
C:/Users/dinhq/AppData/Local/Arm/Packs/Keil/STM32F1xx_DFP/2.4.1/RTE_Driver/DMA_STM32F10x.c(359): warning: no previous prototype for function 'DMA1_Channel4_IRQHandler' [-Wmissing-prototypes]
void DMA1_Channel4_IRQHandler (void) {
     ^
C:/Users/dinhq/AppData/Local/Arm/Packs/Keil/STM32F1xx_DFP/2.4.1/RTE_Driver/DMA_STM32F10x.c(359): note: declare 'static' if the function is not intended to be used outside of this translation unit
void DMA1_Channel4_IRQHandler (void) {
^
static 
C:/Users/dinhq/AppData/Local/Arm/Packs/Keil/STM32F1xx_DFP/2.4.1/RTE_Driver/DMA_STM32F10x.c(371): warning: no previous prototype for function 'DMA1_Channel5_IRQHandler' [-Wmissing-prototypes]
void DMA1_Channel5_IRQHandler (void) {
     ^
C:/Users/dinhq/AppData/Local/Arm/Packs/Keil/STM32F1xx_DFP/2.4.1/RTE_Driver/DMA_STM32F10x.c(371): note: declare 'static' if the function is not intended to be used outside of this translation unit
void DMA1_Channel5_IRQHandler (void) {
^
static 
C:/Users/dinhq/AppData/Local/Arm/Packs/Keil/STM32F1xx_DFP/2.4.1/RTE_Driver/DMA_STM32F10x.c(383): warning: no previous prototype for function 'DMA1_Channel6_IRQHandler' [-Wmissing-prototypes]
void DMA1_Channel6_IRQHandler (void) {
     ^
C:/Users/dinhq/AppData/Local/Arm/Packs/Keil/STM32F1xx_DFP/2.4.1/RTE_Driver/DMA_STM32F10x.c(383): note: declare 'static' if the function is not intended to be used outside of this translation unit
void DMA1_Channel6_IRQHandler (void) {
^
static 
C:/Users/dinhq/AppData/Local/Arm/Packs/Keil/STM32F1xx_DFP/2.4.1/RTE_Driver/DMA_STM32F10x.c(395): warning: no previous prototype for function 'DMA1_Channel7_IRQHandler' [-Wmissing-prototypes]
void DMA1_Channel7_IRQHandler (void) {
     ^
C:/Users/dinhq/AppData/Local/Arm/Packs/Keil/STM32F1xx_DFP/2.4.1/RTE_Driver/DMA_STM32F10x.c(395): note: declare 'static' if the function is not intended to be used outside of this translation unit
void DMA1_Channel7_IRQHandler (void) {
^
static 
30 warnings generated.
compiling DMA_STM32F10x.c...
app_i2c.c(1): warning: In file included from...
C:/Users/dinhq/AppData/Local/Arm/Packs/Keil/STM32F1xx_DFP/2.4.1/Device/Include\stm32f10x.h(8347): warning: In file included from...
./RTE/Device/STM32F103CB\stm32f10x_conf.h(90): warning: In file included from...
C:/Users/dinhq/AppData/Local/Arm/Packs/Keil/STM32F1xx_DFP/2.4.1/Device/StdPeriph_Driver/inc\stm32f10x_usart.h(49): warning: padding size of 'USART_InitTypeDef' with 2 bytes to alignment boundary [-Wpadded]
typedef struct
        ^
app_i2c.c(228): warning: implicit conversion turns floating-point number into integer: 'double' to 'uint16_t' (aka 'unsigned short') [-Wfloat-conversion]
    lux = ((msb << 8) | lsb) / 1.2; // Chuy?n d?i sang lux
        ~ ~~~~~~~~~~~~~~~~~~~^~~~~
app_i2c.c(1): warning: In file included from...
C:/Users/dinhq/AppData/Local/Arm/Packs/Keil/STM32F1xx_DFP/2.4.1/Device/Include\stm32f10x.h(8347): warning: In file included from...
./RTE/Device/STM32F103CB\stm32f10x_conf.h(87): warning: In file included from...
C:/Users/dinhq/AppData/Local/Arm/Packs/Keil/STM32F1xx_DFP/2.4.1/Device/StdPeriph_Driver/inc\stm32f10x_tim.h(50): warning: padding size of 'TIM_TimeBaseInitTypeDef' with 1 byte to alignment boundary [-Wpadded]
typedef struct
        ^
app_i2c.c(268): warning: implicitly declaring library function 'sprintf' with type 'int (char *, const char *, ...)' [-Wimplicit-function-declaration]
        sprintf(buffer, "Light: %u lux\r\n", lux);
        ^
app_i2c.c(268): note: include the header <stdio.h> or explicitly provide a declaration for 'sprintf'
app_i2c.c(277): warning: no newline at end of file [-Wnewline-eof]
}
 ^
5 warnings generated.
compiling app_i2c.c...
C:/Users/dinhq/AppData/Local/Arm/Packs/Keil/STM32F1xx_DFP/2.4.1/Device/StdPeriph_Driver/src/stm32f10x_usart.c(22): warning: In file included from...
C:/Users/dinhq/AppData/Local/Arm/Packs/Keil/STM32F1xx_DFP/2.4.1/Device/StdPeriph_Driver/inc\stm32f10x_usart.h(49): warning: padding size of 'USART_InitTypeDef' with 2 bytes to alignment boundary [-Wpadded]
typedef struct
        ^
C:/Users/dinhq/AppData/Local/Arm/Packs/Keil/STM32F1xx_DFP/2.4.1/Device/StdPeriph_Driver/src/stm32f10x_usart.c(1043): warning: implicit conversion loses integer precision: 'int' to 'uint16_t' (aka 'unsigned short') [-Wimplicit-int-conversion]
  itmask = ((uint16_t)0x01 << (uint16_t)bitpos);
         ~  ~~~~~~~~~~~~~~~^~~~~~~~~~~~~~~~~~~
2 warnings generated.
compiling stm32f10x_usart.c...
compiling stm32f10x_gpio.c...
compiling stm32f10x_dma.c...
RTE/Device/STM32F103CB/system_stm32f10x.c(166): warning: no previous extern declaration for non-static variable 'AHBPrescTable' [-Wmissing-variable-declarations]
__I uint8_t AHBPrescTable[16] = {0, 0, 0, 0, 0, 0, 0, 0, 1, 2, 3, 4, 6, 7, 8, 9};
            ^
RTE/Device/STM32F103CB/system_stm32f10x.c(166): note: declare 'static' if the variable is not intended to be used outside of this translation unit
__I uint8_t AHBPrescTable[16] = {0, 0, 0, 0, 0, 0, 0, 0, 1, 2, 3, 4, 6, 7, 8, 9};
    ^
1 warning generated.
compiling system_stm32f10x.c...
compiling misc.c...
C:/Users/dinhq/AppData/Local/Arm/Packs/Keil/STM32F1xx_DFP/2.4.1/Device/StdPeriph_Driver/src/stm32f10x_exti.c(22): warning: In file included from...
C:/Users/dinhq/AppData/Local/Arm/Packs/Keil/STM32F1xx_DFP/2.4.1/Device/StdPeriph_Driver/inc\stm32f10x_exti.h(75): warning: padding size of 'EXTI_InitTypeDef' with 1 byte to alignment boundary [-Wpadded]
typedef struct
        ^
1 warning generated.
compiling stm32f10x_exti.c...
compiling stm32f10x_rcc.c...
C:/Users/dinhq/AppData/Local/Arm/Packs/Keil/STM32F1xx_DFP/2.4.1/Device/StdPeriph_Driver/src/stm32f10x_tim.c(22): warning: In file included from...
C:/Users/dinhq/AppData/Local/Arm/Packs/Keil/STM32F1xx_DFP/2.4.1/Device/StdPeriph_Driver/inc\stm32f10x_tim.h(50): warning: padding size of 'TIM_TimeBaseInitTypeDef' with 1 byte to alignment boundary [-Wpadded]
typedef struct
        ^
C:/Users/dinhq/AppData/Local/Arm/Packs/Keil/STM32F1xx_DFP/2.4.1/Device/StdPeriph_Driver/src/stm32f10x_tim.c(725): warning: implicit conversion loses integer precision: 'unsigned int' to 'uint16_t' (aka 'unsigned short') [-Wimplicit-int-conversion]
             TIM_BDTRInitStruct->TIM_Break | TIM_BDTRInitStruct->TIM_BreakPolarity |
             ~~~~~~~~~~~~~~~~~~~~~~~~~~~~~~~~~~~~~~~~~~~~~~~~~~~~~~~~~~~~~~~~~~~~~~^
C:/Users/dinhq/AppData/Local/Arm/Packs/Keil/STM32F1xx_DFP/2.4.1/Device/StdPeriph_Driver/src/stm32f10x_tim.c(1982): warning: implicit conversion loses integer precision: 'int' to 'uint16_t' (aka 'unsigned short') [-Wimplicit-int-conversion]
  tmp = CCER_CCE_Set << TIM_Channel;
      ~ ~~~~~~~~~~~~~^~~~~~~~~~~~~~
C:/Users/dinhq/AppData/Local/Arm/Packs/Keil/STM32F1xx_DFP/2.4.1/Device/StdPeriph_Driver/src/stm32f10x_tim.c(2012): warning: implicit conversion loses integer precision: 'int' to 'uint16_t' (aka 'unsigned short') [-Wimplicit-int-conversion]
  tmp = CCER_CCNE_Set << TIM_Channel;
      ~ ~~~~~~~~~~~~~~^~~~~~~~~~~~~~
C:/Users/dinhq/AppData/Local/Arm/Packs/Keil/STM32F1xx_DFP/2.4.1/Device/StdPeriph_Driver/src/stm32f10x_tim.c(2057): warning: implicit conversion loses integer precision: 'int' to 'uint16_t' (aka 'unsigned short') [-Wimplicit-int-conversion]
  tmp1 = CCER_CCE_Set << (uint16_t)TIM_Channel;
       ~ ~~~~~~~~~~~~~^~~~~~~~~~~~~~~~~~~~~~~~
5 warnings generated.
compiling stm32f10x_tim.c...
linking...
Program Size: Code=4164 RO-data=272 RW-data=0 ZI-data=1632  
".\Objects\i2c.axf" - 0 Error(s), 44 Warning(s).

<h2>Software Packages used:</h2>

Package Vendor: ARM
                https://www.keil.com/pack/ARM.CMSIS.6.1.0.pack
                ARM.CMSIS.6.1.0
                CMSIS (Common Microcontroller Software Interface Standard)
   * Component: CORE Version: 6.1.0

Package Vendor: Keil
                https://www.keil.com/pack/Keil.STM32F1xx_DFP.2.4.1.pack
                Keil.STM32F1xx_DFP.2.4.1
                STMicroelectronics STM32F1 Series Device Support, Drivers and Examples
   * Component: DMA Version: 1.3
   * Component: Startup Version: 1.0.0
   * Component: DMA Version: 3.6.0
   * Component: EXTI Version: 3.6.0
   * Component: Framework Version: 3.6.0
   * Component: GPIO Version: 3.6.0
   * Component: RCC Version: 3.6.0
   * Component: TIM Version: 3.6.0
   * Component: USART Version: 3.6.0

<h2>Collection of Component include folders:</h2>
  .\RTE\Device\STM32F103CB
  .\RTE\_Target_1
  C:\Users\dinhq\AppData\Local\Arm\Packs\ARM\CMSIS\6.1.0\CMSIS\Core\Include
  C:\Users\dinhq\AppData\Local\Arm\Packs\Keil\STM32F1xx_DFP\2.4.1\Device\Include
  C:\Users\dinhq\AppData\Local\Arm\Packs\Keil\STM32F1xx_DFP\2.4.1\Device\StdPeriph_Driver\inc
  C:\Users\dinhq\AppData\Local\Arm\Packs\Keil\STM32F1xx_DFP\2.4.1\RTE_Driver

<h2>Collection of Component Files used:</h2>

   * Component: ARM::CMSIS:CORE:6.1.0

   * Component: Keil::Device:DMA:1.3
      Include file:  RTE_Driver\DMA_STM32F10x.h
      Source file:   RTE_Driver\DMA_STM32F10x.c

   * Component: Keil::Device:Startup:1.0.0
      Source file:   Device\Source\ARM\STM32F1xx_OPT.s
      Include file:  RTE_Driver\Config\RTE_Device.h
      Source file:   Device\Source\ARM\startup_stm32f10x_md.s
      Source file:   Device\Source\system_stm32f10x.c

   * Component: Keil::Device:StdPeriph Drivers:DMA:3.6.0
      Source file:   Device\StdPeriph_Driver\src\stm32f10x_dma.c
      Include file:  Device\StdPeriph_Driver\inc\stm32f10x_dma.h

   * Component: Keil::Device:StdPeriph Drivers:EXTI:3.6.0
      Source file:   Device\StdPeriph_Driver\src\stm32f10x_exti.c
      Include file:  Device\StdPeriph_Driver\inc\stm32f10x_exti.h

   * Component: Keil::Device:StdPeriph Drivers:Framework:3.6.0
      Source file:   Device\StdPeriph_Driver\templates\stm32f10x_conf.h
      Include file:  Device\StdPeriph_Driver\templates\stm32f10x_it.h
      Include file:  Device\StdPeriph_Driver\inc\misc.h
      Source file:   Device\StdPeriph_Driver\templates\stm32f10x_it.c
      Source file:   Device\StdPeriph_Driver\src\misc.c

   * Component: Keil::Device:StdPeriph Drivers:GPIO:3.6.0
      Include file:  Device\StdPeriph_Driver\inc\stm32f10x_gpio.h
      Source file:   Device\StdPeriph_Driver\src\stm32f10x_gpio.c

   * Component: Keil::Device:StdPeriph Drivers:RCC:3.6.0
      Include file:  Device\StdPeriph_Driver\inc\stm32f10x_rcc.h
      Source file:   Device\StdPeriph_Driver\src\stm32f10x_rcc.c

   * Component: Keil::Device:StdPeriph Drivers:TIM:3.6.0
      Include file:  Device\StdPeriph_Driver\inc\stm32f10x_tim.h
      Source file:   Device\StdPeriph_Driver\src\stm32f10x_tim.c

   * Component: Keil::Device:StdPeriph Drivers:USART:3.6.0
      Include file:  Device\StdPeriph_Driver\inc\stm32f10x_usart.h
      Source file:   Device\StdPeriph_Driver\src\stm32f10x_usart.c
Build Time Elapsed:  00:00:02
</pre>
</body>
</html>
